*----------------------------------------------------------------------------------------
*	Innovus 15.23-s045_1 (64bit) 04/22/2016 12:32 (Linux 2.6.18-194.el5)
*	
*
* 	Date & Time:	2025-Mar-09 21:32:36 (2025-Mar-10 04:32:36 GMT)
*
*----------------------------------------------------------------------------------------
*
*	Design: core
*
*	Liberty Libraries used: 
*	        WC_VIEW: /home/linux/ieng6/ee260bwi25/public/PDKdata/lib/tcbn65gpluswc.lib
*
*	Power Domain used: 
*		Rail:        VDD 	Voltage:        0.9 
*
*       Power View : WC_VIEW
*
*       User-Defined Activity : N.A.
*
*       Activity File: N.A.
*
*       Hierarchical Global Activity: N.A.
*
*       Global Activity: N.A.
*
*       Sequential Element Activity: 0.200000
*
*       Primary Input Activity: 0.200000
*
*       Default icg ratio: N.A.
*
*       Global Comb ClockGate Ratio: N.A.
*
*	Power Units = 1mW
*
*	Time Units = 1e-09 secs 
*
*       report_power -outfile core.post_route.power.rpt
*
-----------------------------------------------------------------------------------------


Total Power 
-----------------------------------------------------------------------------------------
Total Internal Power:       82.85384081 	   64.7792%
Total Switching Power:      43.33068399 	   33.8781%
Total Leakage Power:         1.71733461 	    1.3427%
Total Power:               127.90185959 
-----------------------------------------------------------------------------------------


Group                           Internal   Switching     Leakage       Total  Percentage 
                                Power      Power         Power         Power  (%)        
-----------------------------------------------------------------------------------------
Sequential                         42.02        2.96       0.317        45.3       35.42 
Macro                                  0           0      0.3493      0.3493      0.2731 
IO                                     0           0           0           0           0 
Combinational                      36.68       32.32       1.023       70.02       54.74 
Clock (Combinational)               4.15       8.054     0.02827       12.23       9.564 
Clock (Sequential)                     0           0           0           0           0 
-----------------------------------------------------------------------------------------
Total                              82.85       43.33       1.717       127.9         100 
-----------------------------------------------------------------------------------------


Rail                  Voltage   Internal   Switching     Leakage       Total  Percentage 
                                Power      Power         Power         Power  (%)        
-----------------------------------------------------------------------------------------
VDD                       0.9      82.85       43.33       1.717       127.9         100 


Clock                           Internal   Switching     Leakage       Total  Percentage 
                                Power      Power         Power         Power  (%)        
-----------------------------------------------------------------------------------------
clk                                 4.15       8.054     0.02827       12.23       9.564 
-----------------------------------------------------------------------------------------
Total (excluding duplicates)        4.15       8.054     0.02827       12.23       9.564 
-----------------------------------------------------------------------------------------


-----------------------------------------------------------------------------------------
*	Power Distribution Summary: 
* 		Highest Average Power:       FE_USKC5304_CTS_183 (CKBD16): 	    0.1468 
* 		Highest Leakage Power: mac_array_instance/col_idx_7__mac_col_inst/mac_16in_instance/U1305 (FA1D4): 	 0.0002652 
* 		Total Cap: 	2.16611e-10 F
* 		Total instances in design: 59649
* 		Total instances in design with no power:     0
*          Total instances in design with no activity:     0
* 		Total Fillers and Decap: 28129
-----------------------------------------------------------------------------------------

